// Jest Snapshot v1, https://goo.gl/fbAQLP

exports[`Pruebas a <GifApp /> Debe contener un titulo 1`] = `
<div>
  <h1>
    GifApp
  </h1>
  <form
    aria-label="form"
  >
    <input
      placeholder="Search Gifs"
      type="text"
      value=""
    />
    <button
      type="submit"
    >
      Search
    </button>
  </form>
  <h3>
    Goku
  </h3>
  <h2>
    Loading...
  </h2>
  <div
    class="card-grid"
  />
</div>
`;
